// Jest Snapshot v1, https://goo.gl/fbAQLP

exports[`not-found.component.vue should create 1`] = `
VueWrapper {
  "__app": Object {
    "_component": Object {
      "__emits": Object {},
      "__props": Array [
        Object {},
        Array [],
      ],
      "name": "VTU_ROOT",
      "render": [Function],
    },
    "_container": <div
      data-v-app=""
    >
      <div
        class="NotFound"
      >
        <p
          class="FontSize-2xlarge MarginBottom"
        >
          Page Not Found
        </p>
        <router-link
          class="Button Button--primary"
          id="BtnBackToLanding"
          to="/landing"
        >
           Take me away 
        </router-link>
      </div>
    </div>,
    "_context": Object {
      "app": [Circular],
      "components": Object {
        "transition": Object {
          "name": "transition",
          "props": Object {},
          "render": [Function],
        },
        "transition-group": Object {
          "name": "transition-group",
          "props": Object {},
          "render": [Function],
        },
      },
      "config": Object {
        "errorHandler": undefined,
        "globalProperties": Object {},
        "isCustomElement": [Function],
        "isNativeTag": [Function],
        "optionMergeStrategies": Object {},
        "performance": false,
        "warnHandler": undefined,
      },
      "directives": Object {},
      "mixins": Array [
        Object {
          "__emits": null,
          "__props": Array [],
          "beforeCreate": [Function],
        },
        Object {
          "__emits": null,
          "__props": Array [],
          "beforeCreate": [Function],
        },
      ],
      "provides": Object {},
      "reload": [Function],
    },
    "_props": null,
    "_uid": 0,
    "component": [Function],
    "config": Object {
      "errorHandler": undefined,
      "globalProperties": Object {},
      "isCustomElement": [Function],
      "isNativeTag": [Function],
      "optionMergeStrategies": Object {},
      "performance": false,
      "warnHandler": undefined,
    },
    "directive": [Function],
    "mixin": [Function],
    "mount": [Function],
    "provide": [Function],
    "unmount": [Function],
    "use": [Function],
    "version": "3.0.4",
  },
  "__setProps": [Function],
  "componentVM": Object {
    "__emitted": Object {},
  },
  "rootVM": Object {
    "__emitted": Object {},
  },
}
`;
